>>> say_my_name = __import__('3-say_my_name').say_my_name
>>> say_my_name("John", "Smith")
My name is John Smith
>>> say_my_name("John", 88)
Traceback (most recent call last):
  File "<stdin>", line 1, in <module>
  File "/home/classic1/alx-higher_level_programming/0x07-python-test_driven_development/3-say_my_name.py", line 18, in say_my_name
    raise TypeError("last_name must be a string")
TypeError: last_name must be a string
>>> say_my_name(79, "Smith")
Traceback (most recent call last):
  File "<stdin>", line 1, in <module>
  File "/home/classic1/alx-higher_level_programming/0x07-python-test_driven_development/3-say_my_name.py", line 16, in say_my_name
    raise TypeError("first_name must be a string")
TypeError: first_name must be a string
>>> say_my_name("Peter")
My name is Peter
>>> say_my_name(99)
Traceback (most recent call last):
  File "<stdin>", line 1, in <module>
  File "/home/classic1/alx-higher_level_programming/0x07-python-test_driven_development/3-say_my_name.py", line 16, in say_my_name
    raise TypeError("first_name must be a string")
TypeError: first_name must be a string
>>> say_my_name()
Traceback (most recent call last):
  File "<stdin>", line 1, in <module>
TypeError: say_my_name() missing 1 required positional argument: 'first_name'
>>> say_my_name("Peter", "Walters", "Biden")
Traceback (most recent call last):
  File "<stdin>", line 1, in <module>
TypeError: say_my_name() takes from 1 to 2 positional arguments but 3 were given
>>>
